-- Test Setup: OneMeasurementTwoChunksDifferentTagSet
-- SQL: SELECT temp from h2o;
+------+
| temp |
+------+
| 70.4 |
|      |
| 53.4 |
|      |
+------+
-- SQL: SELECT * from h2o;
+--------+------------+---------+-------+------+-------------------------------+
| city   | other_temp | reading | state | temp | time                          |
+--------+------------+---------+-------+------+-------------------------------+
|        |            |         | MA    | 70.4 | 1970-01-01 00:00:00.000000050 |
|        | 70.4       |         | MA    |      | 1970-01-01 00:00:00.000000250 |
| Boston |            | 51      |       | 53.4 | 1970-01-01 00:00:00.000000050 |
| Boston | 72.4       |         |       |      | 1970-01-01 00:00:00.000000350 |
+--------+------------+---------+-------+------+-------------------------------+
