-- Test Setup: TwoMeasurementsPredicatePushDown
-- SQL: SELECT * from restaurant;
+-------+--------+-------------------------------+-----------+
| count | system | time                          | town      |
+-------+--------+-------------------------------+-----------+
| 40000 | 5      | 1970-01-01 00:00:00.000000100 | andover   |
| 189   | 7      | 1970-01-01 00:00:00.000000110 | bedford   |
| 872   | 6      | 1970-01-01 00:00:00.000000110 | lawrence  |
| 372   | 5      | 1970-01-01 00:00:00.000000100 | lexington |
| 632   | 5      | 1970-01-01 00:00:00.000000120 | reading   |
| 632   | 6      | 1970-01-01 00:00:00.000000130 | reading   |
| 471   | 6      | 1970-01-01 00:00:00.000000110 | tewsbury  |
+-------+--------+-------------------------------+-----------+
-- SQL: SELECT * from restaurant where count > 200;
+-------+--------+-------------------------------+-----------+
| count | system | time                          | town      |
+-------+--------+-------------------------------+-----------+
| 40000 | 5      | 1970-01-01 00:00:00.000000100 | andover   |
| 872   | 6      | 1970-01-01 00:00:00.000000110 | lawrence  |
| 372   | 5      | 1970-01-01 00:00:00.000000100 | lexington |
| 632   | 5      | 1970-01-01 00:00:00.000000120 | reading   |
| 632   | 6      | 1970-01-01 00:00:00.000000130 | reading   |
| 471   | 6      | 1970-01-01 00:00:00.000000110 | tewsbury  |
+-------+--------+-------------------------------+-----------+
-- SQL: SELECT * from restaurant where count > 200 and town != 'tewsbury';
+-------+--------+-------------------------------+-----------+
| count | system | time                          | town      |
+-------+--------+-------------------------------+-----------+
| 40000 | 5      | 1970-01-01 00:00:00.000000100 | andover   |
| 872   | 6      | 1970-01-01 00:00:00.000000110 | lawrence  |
| 372   | 5      | 1970-01-01 00:00:00.000000100 | lexington |
| 632   | 5      | 1970-01-01 00:00:00.000000120 | reading   |
| 632   | 6      | 1970-01-01 00:00:00.000000130 | reading   |
+-------+--------+-------------------------------+-----------+
-- SQL: SELECT * from restaurant where count > 200 and town != 'tewsbury' and (system =5 or town = 'lawrence');
+-------+--------+-------------------------------+-----------+
| count | system | time                          | town      |
+-------+--------+-------------------------------+-----------+
| 40000 | 5      | 1970-01-01 00:00:00.000000100 | andover   |
| 872   | 6      | 1970-01-01 00:00:00.000000110 | lawrence  |
| 372   | 5      | 1970-01-01 00:00:00.000000100 | lexington |
| 632   | 5      | 1970-01-01 00:00:00.000000120 | reading   |
+-------+--------+-------------------------------+-----------+
-- SQL: SELECT * from restaurant where count > 200 and town != 'tewsbury' and (system =5 or town = 'lawrence') and count < 40000;
+-------+--------+-------------------------------+-----------+
| count | system | time                          | town      |
+-------+--------+-------------------------------+-----------+
| 872   | 6      | 1970-01-01 00:00:00.000000110 | lawrence  |
| 372   | 5      | 1970-01-01 00:00:00.000000100 | lexington |
| 632   | 5      | 1970-01-01 00:00:00.000000120 | reading   |
+-------+--------+-------------------------------+-----------+
-- SQL: SELECT * from restaurant where count > 200  and count < 40000;
+-------+--------+-------------------------------+-----------+
| count | system | time                          | town      |
+-------+--------+-------------------------------+-----------+
| 872   | 6      | 1970-01-01 00:00:00.000000110 | lawrence  |
| 372   | 5      | 1970-01-01 00:00:00.000000100 | lexington |
| 632   | 5      | 1970-01-01 00:00:00.000000120 | reading   |
| 632   | 6      | 1970-01-01 00:00:00.000000130 | reading   |
| 471   | 6      | 1970-01-01 00:00:00.000000110 | tewsbury  |
+-------+--------+-------------------------------+-----------+
-- SQL: SELECT * from restaurant where system > 4.0 and system < 7.0;
+-------+--------+-------------------------------+-----------+
| count | system | time                          | town      |
+-------+--------+-------------------------------+-----------+
| 40000 | 5      | 1970-01-01 00:00:00.000000100 | andover   |
| 872   | 6      | 1970-01-01 00:00:00.000000110 | lawrence  |
| 372   | 5      | 1970-01-01 00:00:00.000000100 | lexington |
| 632   | 5      | 1970-01-01 00:00:00.000000120 | reading   |
| 632   | 6      | 1970-01-01 00:00:00.000000130 | reading   |
| 471   | 6      | 1970-01-01 00:00:00.000000110 | tewsbury  |
+-------+--------+-------------------------------+-----------+
-- SQL: SELECT * from restaurant where system > 5.0 and system < 7.0;
+-------+--------+-------------------------------+----------+
| count | system | time                          | town     |
+-------+--------+-------------------------------+----------+
| 872   | 6      | 1970-01-01 00:00:00.000000110 | lawrence |
| 632   | 6      | 1970-01-01 00:00:00.000000130 | reading  |
| 471   | 6      | 1970-01-01 00:00:00.000000110 | tewsbury |
+-------+--------+-------------------------------+----------+
-- SQL: SELECT * from restaurant where system > 5.0 and town != 'tewsbury' and 7.0 > system;
+-------+--------+-------------------------------+----------+
| count | system | time                          | town     |
+-------+--------+-------------------------------+----------+
| 872   | 6      | 1970-01-01 00:00:00.000000110 | lawrence |
| 632   | 6      | 1970-01-01 00:00:00.000000130 | reading  |
+-------+--------+-------------------------------+----------+
-- SQL: SELECT * from restaurant where system > 5.0 and 'tewsbury' != town and system < 7.0 and (count = 632 or town = 'reading');
+-------+--------+-------------------------------+---------+
| count | system | time                          | town    |
+-------+--------+-------------------------------+---------+
| 632   | 6      | 1970-01-01 00:00:00.000000130 | reading |
+-------+--------+-------------------------------+---------+
-- SQL: SELECT * from restaurant where 5.0 < system and town != 'tewsbury' and system < 7.0 and (count = 632 or town = 'reading') and time > to_timestamp('1970-01-01T00:00:00.000000130+00:00');
++
++
-- SQL: SELECT * from restaurant where system > 5.0 and system < 7.0 and town = 'reading';
+-------+--------+-------------------------------+---------+
| count | system | time                          | town    |
+-------+--------+-------------------------------+---------+
| 632   | 6      | 1970-01-01 00:00:00.000000130 | reading |
+-------+--------+-------------------------------+---------+
