-- Test Setup: TwoMeasurementsManyFieldsLifecycle
-- SQL: SELECT id, status, CAST(cpu_time_used AS BIGINT) > 0 as took_cpu_time, CAST(wall_time_used AS BIGINT) > 0 as took_wall_time, partition_key, chunk_id, description FROM system.operations;
+----+----------+---------------+----------------+---------------+----------+---------------------------------+
| id | status   | took_cpu_time | took_wall_time | partition_key | chunk_id | description                     |
+----+----------+---------------+----------------+---------------+----------+---------------------------------+
| 0  | Complete | true          | true           | 1970-01-01T00 | 0        | Loading chunk to ReadBuffer     |
| 1  | Complete | true          | true           | 1970-01-01T00 | 0        | Writing chunk to Object Storage |
+----+----------+---------------+----------------+---------------+----------+---------------------------------+
